[     121ms] [WARNING] cdn.tailwindcss.com should not be used in production. To use Tailwind CSS in production, install it as a PostCSS plugin or use the Tailwind CLI: https://tailwindcss.com/docs/installation @ https://cdn.tailwindcss.com/:63
[     346ms] [INFO] %cDownload the React DevTools for a better development experience: https://react.dev/link/react-devtools font-weight:bold @ http://localhost:5173/node_modules/.vite/deps/chunk-7WU2OR35.js?v=ac07ce4e:20356
[     447ms] [ERROR] Failed to load resource: the server responded with a status of 404 (Not Found) @ http://localhost:5173/jobs/create:0
[     498ms] TypeError: Cannot read properties of undefined (reading 'includes')
    at CurrentPage.setUrlHash (http://localhost:5173/node_modules/.vite/deps/@inertiajs_react.js?v=ac07ce4e:7143:24)
    at InitialVisit.handleDefault (http://localhost:5173/node_modules/.vite/deps/@inertiajs_react.js?v=ac07ce4e:7697:12)
    at http://localhost:5173/node_modules/.vite/deps/@inertiajs_react.js?v=ac07ce4e:7638:51
    at Array.find (<anonymous>)
    at InitialVisit.handle (http://localhost:5173/node_modules/.vite/deps/@inertiajs_react.js?v=ac07ce4e:7638:15)
    at Router.init (http://localhost:5173/node_modules/.vite/deps/@inertiajs_react.js?v=ac07ce4e:9002:18)
    at App (http://localhost:5173/node_modules/.vite/deps/@inertiajs_react.js?v=ac07ce4e:11172:12)
    at Object.react_stack_bottom_frame (http://localhost:5173/node_modules/.vite/deps/chunk-7WU2OR35.js?v=ac07ce4e:18763:20)
    at renderWithHooks (http://localhost:5173/node_modules/.vite/deps/chunk-7WU2OR35.js?v=ac07ce4e:5908:24)
    at updateFunctionComponent (http://localhost:5173/node_modules/.vite/deps/chunk-7WU2OR35.js?v=ac07ce4e:7729:21)
[     474ms] [WARNING] %s

%s
 An error occurred in the <Inertia> component. Consider adding an error boundary to your tree to customize error handling behavior.
Visit https://react.dev/link/error-boundaries to learn more about error boundaries. @ http://localhost:5173/node_modules/.vite/deps/chunk-7WU2OR35.js?v=ac07ce4e:7219
[     475ms] [ERROR] Failed to load resource: the server responded with a status of 404 (Not Found) @ http://localhost:5173/jobs/create:0
[   35424ms] [LOG] [vite] server connection lost. Polling for restart... @ http://localhost:5173/@vite/client:559
[   35447ms] [ERROR] Failed to load resource: net::ERR_CONNECTION_RESET @ http://localhost:5173/:0
[   38831ms] [ERROR] Failed to load resource: net::ERR_CONNECTION_REFUSED @ http://localhost:5173/:0
[   42177ms] [ERROR] Failed to load resource: net::ERR_CONNECTION_REFUSED @ http://localhost:5173/:0
[   45536ms] [ERROR] Failed to load resource: net::ERR_CONNECTION_REFUSED @ http://localhost:5173/:0
[   46675ms] [WARNING] cdn.tailwindcss.com should not be used in production. To use Tailwind CSS in production, install it as a PostCSS plugin or use the Tailwind CLI: https://tailwindcss.com/docs/installation @ https://cdn.tailwindcss.com/:63
[   57086ms] [INFO] %cDownload the React DevTools for a better development experience: https://react.dev/link/react-devtools font-weight:bold @ http://localhost:5173/node_modules/.vite/deps/chunk-7WU2OR35.js?v=ac07ce4e:20356
